19:25:19 **** Build of configuration Debug for project gpio_driver ****
make -j8 all 
arm-none-eabi-gcc -mcpu=cortex-m33 -g3 -DDEBUG -c -x assembler-with-cpp -MMD -MP -MF"Startup/startup_stm32h503rbtx.d" -MT"Startup/startup_stm32h503rbtx.o" --specs=nano.specs -mfpu=fpv5-sp-d16 -mfloat-abi=hard -mthumb -o "Startup/startup_stm32h503rbtx.o" "../Startup/startup_stm32h503rbtx.s"
arm-none-eabi-gcc "../Src/main.c" -mcpu=cortex-m33 -std=gnu11 -g3 -DDEBUG -DSTM32 -DSTM32H503RBTx -DNUCLEO_H503RB -DSTM32H5 -c -I../Inc -O0 -ffunction-sections -fdata-sections -Wall -fstack-usage -fcyclomatic-complexity -MMD -MP -MF"Src/main.d" -MT"Src/main.o" --specs=nano.specs -mfpu=fpv5-sp-d16 -mfloat-abi=hard -mthumb -o "Src/main.o"
arm-none-eabi-gcc "../Src/syscalls.c" -mcpu=cortex-m33 -std=gnu11 -g3 -DDEBUG -DSTM32 -DSTM32H503RBTx -DNUCLEO_H503RB -DSTM32H5 -c -I../Inc -O0 -ffunction-sections -fdata-sections -Wall -fstack-usage -fcyclomatic-complexity -MMD -MP -MF"Src/syscalls.d" -MT"Src/syscalls.o" --specs=nano.specs -mfpu=fpv5-sp-d16 -mfloat-abi=hard -mthumb -o "Src/syscalls.o"
arm-none-eabi-gcc "../Src/sysmem.c" -mcpu=cortex-m33 -std=gnu11 -g3 -DDEBUG -DSTM32 -DSTM32H503RBTx -DNUCLEO_H503RB -DSTM32H5 -c -I../Inc -O0 -ffunction-sections -fdata-sections -Wall -fstack-usage -fcyclomatic-complexity -MMD -MP -MF"Src/sysmem.d" -MT"Src/sysmem.o" --specs=nano.specs -mfpu=fpv5-sp-d16 -mfloat-abi=hard -mthumb -o "Src/sysmem.o"
../Src/main.c:22:4: warning: #warning "FPU is not initialized, but the project is compiling for an FPU. Please initialize the FPU before use." [-Wcpp]
   22 |   #warning "FPU is not initialized, but the project is compiling for an FPU. Please initialize the FPU before use."
      |    ^~~~~~~
arm-none-eabi-gcc -o "gpio_driver.elf" @"objects.list"   -mcpu=cortex-m33 -T"D:\Piyush personal\self project\gpio_driver\STM32H503RBTX_FLASH.ld" --specs=nosys.specs -Wl,-Map="gpio_driver.map" -Wl,--gc-sections -static --specs=nano.specs -mfpu=fpv5-sp-d16 -mfloat-abi=hard -mthumb -Wl,--start-group -lc -lm -Wl,--end-group
Finished building target: gpio_driver.elf
 
arm-none-eabi-size  gpio_driver.elf 
arm-none-eabi-objdump -h -S gpio_driver.elf  > "gpio_driver.list"
   text	   data	    bss	    dec	    hex	filename
    860	      0	   1568	   2428	    97c	gpio_driver.elf
Finished building: default.size.stdout
 
Finished building: gpio_driver.list
 

19:25:21 Build Finished. 0 errors, 1 warnings. (took 2s.93ms)

